Starting a Gradle Daemon (subsequent builds will be faster)
> Task :app:preBuild UP-TO-DATE
> Task :app:preDebugBuild UP-TO-DATE
> Task :app:mergeDebugNativeDebugMetadata NO-SOURCE
> Task :app:checkKotlinGradlePluginConfigurationErrors SKIPPED
> Task :app:checkDebugAarMetadata
> Task :app:processDebugNavigationResources
> Task :app:compileDebugNavigationResources
> Task :app:generateDebugResValues
> Task :app:mapDebugSourceSetPaths
> Task :app:generateDebugResources
> Task :app:packageDebugResources
> Task :app:mergeDebugResources
> Task :app:createDebugCompatibleScreenManifests
> Task :app:extractDeepLinksDebug
> Task :app:parseDebugLocalResources
> Task :app:processDebugMainManifest
> Task :app:processDebugManifest
> Task :app:processDebugManifestForPackage
> Task :app:javaPreCompileDebug
> Task :app:mergeDebugShaders
> Task :app:compileDebugShaders NO-SOURCE
> Task :app:generateDebugAssets UP-TO-DATE
> Task :app:mergeDebugAssets
> Task :app:compressDebugAssets
> Task :app:desugarDebugFileDependencies
> Task :app:mergeDebugJniLibFolders
> Task :app:checkDebugDuplicateClasses
> Task :app:mergeDebugNativeLibs
> Task :app:processDebugResources
> Task :app:mergeLibDexDebug

> Task :app:stripDebugDebugSymbols
Unable to strip the following libraries, packaging them as they are: libandroidx.graphics.path.so. Run with --info option to learn more.

> Task :app:validateSigningDebug
> Task :app:writeDebugAppMetadata
> Task :app:writeDebugSigningConfigVersions
> Task :app:mergeExtDexDebug
> Task :app:compileDebugKotlin
w: file:///home/runner/work/cskjin/cskjin/app/src/main/java/com/rui/astockstrategy/MainActivity.kt:132:32 'val Icons.Filled.ShowChart: ImageVector' is deprecated. Use the AutoMirrored version at Icons.AutoMirrored.Filled.ShowChart.
w: file:///home/runner/work/cskjin/cskjin/app/src/main/java/com/rui/astockstrategy/MainActivity.kt:134:32 'val Icons.Filled.ViewList: ImageVector' is deprecated. Use the AutoMirrored version at Icons.AutoMirrored.Filled.ViewList.
w: file:///home/runner/work/cskjin/cskjin/app/src/main/java/com/rui/astockstrategy/v4/V4Activity.kt:200:32 'val Icons.Filled.ShowChart: ImageVector' is deprecated. Use the AutoMirrored version at Icons.AutoMirrored.Filled.ShowChart.
w: file:///home/runner/work/cskjin/cskjin/app/src/main/java/com/rui/astockstrategy/v4/V4Activity.kt:202:32 'val Icons.Filled.ViewList: ImageVector' is deprecated. Use the AutoMirrored version at Icons.AutoMirrored.Filled.ViewList.
w: file:///home/runner/work/cskjin/cskjin/app/src/main/java/com/rui/astockstrategy/v4/V4Activity.kt:669:71 'val Icons.Filled.ArrowBack: ImageVector' is deprecated. Use the AutoMirrored version at Icons.AutoMirrored.Filled.ArrowBack.
w: file:///home/runner/work/cskjin/cskjin/app/src/main/java/com/rui/astockstrategy/v6/DetailScreens.kt:471:29 Condition is always 'true'.
w: file:///home/runner/work/cskjin/cskjin/app/src/main/java/com/rui/astockstrategy/v6/DetailScreens.kt:526:49 Unnecessary non-null assertion (!!) on a non-null receiver of type 'StockFacts'.
w: file:///home/runner/work/cskjin/cskjin/app/src/main/java/com/rui/astockstrategy/v6/DetailScreens.kt:531:62 Unnecessary non-null assertion (!!) on a non-null receiver of type 'StockFacts'.
w: file:///home/runner/work/cskjin/cskjin/app/src/main/java/com/rui/astockstrategy/v6/DetailScreens.kt:673:38 Unnecessary safe call on a non-null receiver of type 'Snapshot'.
w: file:///home/runner/work/cskjin/cskjin/app/src/main/java/com/rui/astockstrategy/v6/DetailScreens.kt:673:164 Unnecessary safe call on a non-null receiver of type 'Snapshot'.
w: file:///home/runner/work/cskjin/cskjin/app/src/main/java/com/rui/astockstrategy/v6/DetailScreens.kt:682:51 Condition is always 'true'.
w: file:///home/runner/work/cskjin/cskjin/app/src/main/java/com/rui/astockstrategy/v6/DetailScreens.kt:682:84 Condition is always 'true'.
w: file:///home/runner/work/cskjin/cskjin/app/src/main/java/com/rui/astockstrategy/v6/V25RadarTracking.kt:215:58 Only safe (?.) or non-null asserted (!!.) calls are allowed on a nullable receiver of type 'Any?'.
w: file:///home/runner/work/cskjin/cskjin/app/src/main/java/com/rui/astockstrategy/v6/V27ChineseDisplay.kt:17:15 Elvis operator (?:) always returns the left operand of non-nullable type 'String'.
w: file:///home/runner/work/cskjin/cskjin/app/src/main/java/com/rui/astockstrategy/v6/V27ChineseDisplay.kt:70:15 Elvis operator (?:) always returns the left operand of non-nullable type 'String'.
w: file:///home/runner/work/cskjin/cskjin/app/src/main/java/com/rui/astockstrategy/v6/V31SlowMoney.kt:156:58 Only safe (?.) or non-null asserted (!!.) calls are allowed on a nullable receiver of type 'Any?'.
w: file:///home/runner/work/cskjin/cskjin/app/src/main/java/com/rui/astockstrategy/v6/V6Activity.kt:165:31 'val Icons.Filled.ViewList: ImageVector' is deprecated. Use the AutoMirrored version at Icons.AutoMirrored.Filled.ViewList.
w: file:///home/runner/work/cskjin/cskjin/app/src/main/java/com/rui/astockstrategy/v6/V6Activity.kt:166:32 'val Icons.Filled.ViewList: ImageVector' is deprecated. Use the AutoMirrored version at Icons.AutoMirrored.Filled.ViewList.

> Task :app:compileDebugJavaWithJavac NO-SOURCE
> Task :app:dexBuilderDebug
> Task :app:mergeDebugGlobalSynthetics
> Task :app:processDebugJavaRes
> Task :app:mergeProjectDexDebug
> Task :app:mergeDebugJavaResource
> Task :app:packageDebug
> Task :app:createDebugApkListingFileRedirect
> Task :app:assembleDebug
gradle/actions: Writing build results to /home/runner/work/_temp/.gradle-actions/build-results/__run_2-1788425364814.json

BUILD SUCCESSFUL in 1m 3s
37 actionable tasks: 37 executed
